// Jest Snapshot v1, https://goo.gl/fbAQLP

exports[`Footer tests should match snapshot 1`] = `undefined`;
